[2024-09-02T19:06:41.090+0200][gc,heap] Heap region size: 1M
[2024-09-02T19:06:41.097+0200][gc     ] Using G1
[2024-09-02T19:06:41.097+0200][gc,heap,coops] Heap address: 0x00000000c0000000, size: 1024 MB, Compressed Oops mode: 32-bit
[2024-09-02T19:06:41.097+0200][gc,cds       ] Mark closed archive regions in map: [0x00000000fff00000, 0x00000000fff6bff8]
[2024-09-02T19:06:41.097+0200][gc,cds       ] Mark open archive regions in map: [0x00000000ffe00000, 0x00000000ffe47ff8]
[2024-09-02T19:06:41.998+0200][gc,start     ] GC(0) Pause Young (Normal) (G1 Evacuation Pause)
[2024-09-02T19:06:42.000+0200][gc,task      ] GC(0) Using 8 workers of 8 for evacuation
[2024-09-02T19:06:42.012+0200][gc,phases    ] GC(0)   Pre Evacuate Collection Set: 0.0ms
[2024-09-02T19:06:42.012+0200][gc,phases    ] GC(0)   Evacuate Collection Set: 10.5ms
[2024-09-02T19:06:42.012+0200][gc,phases    ] GC(0)   Post Evacuate Collection Set: 1.4ms
[2024-09-02T19:06:42.012+0200][gc,phases    ] GC(0)   Other: 2.2ms
[2024-09-02T19:06:42.012+0200][gc,heap      ] GC(0) Eden regions: 51->0(44)
[2024-09-02T19:06:42.012+0200][gc,heap      ] GC(0) Survivor regions: 0->7(7)
[2024-09-02T19:06:42.012+0200][gc,heap      ] GC(0) Old regions: 2->3
[2024-09-02T19:06:42.012+0200][gc,heap      ] GC(0) Humongous regions: 0->0
[2024-09-02T19:06:42.012+0200][gc,metaspace ] GC(0) Metaspace: 13350K(13952K)->13350K(13952K) NonClass: 11673K(12032K)->11673K(12032K) Class: 1677K(1920K)->1677K(1920K)
[2024-09-02T19:06:42.012+0200][gc           ] GC(0) Pause Young (Normal) (G1 Evacuation Pause) 51M->8M(1024M) 14.222ms
[2024-09-02T19:06:42.012+0200][gc,cpu       ] GC(0) User=0.01s Sys=0.07s Real=0.01s
[2024-09-02T19:06:42.328+0200][gc,start     ] GC(1) Pause Young (Concurrent Start) (Metadata GC Threshold)
[2024-09-02T19:06:42.328+0200][gc,task      ] GC(1) Using 8 workers of 8 for evacuation
[2024-09-02T19:06:42.337+0200][gc,phases    ] GC(1)   Pre Evacuate Collection Set: 0.1ms
[2024-09-02T19:06:42.337+0200][gc,phases    ] GC(1)   Evacuate Collection Set: 7.6ms
[2024-09-02T19:06:42.337+0200][gc,phases    ] GC(1)   Post Evacuate Collection Set: 0.8ms
[2024-09-02T19:06:42.337+0200][gc,phases    ] GC(1)   Other: 0.2ms
[2024-09-02T19:06:42.337+0200][gc,heap      ] GC(1) Eden regions: 38->0(49)
[2024-09-02T19:06:42.337+0200][gc,heap      ] GC(1) Survivor regions: 7->2(7)
[2024-09-02T19:06:42.337+0200][gc,heap      ] GC(1) Old regions: 3->10
[2024-09-02T19:06:42.337+0200][gc,heap      ] GC(1) Humongous regions: 0->0
[2024-09-02T19:06:42.337+0200][gc,metaspace ] GC(1) Metaspace: 20422K(21248K)->20422K(21248K) NonClass: 18180K(18688K)->18180K(18688K) Class: 2241K(2560K)->2241K(2560K)
[2024-09-02T19:06:42.337+0200][gc           ] GC(1) Pause Young (Concurrent Start) (Metadata GC Threshold) 45M->9M(1024M) 8.723ms
[2024-09-02T19:06:42.337+0200][gc,cpu       ] GC(1) User=0.02s Sys=0.01s Real=0.01s
[2024-09-02T19:06:42.337+0200][gc           ] GC(2) Concurrent Cycle
[2024-09-02T19:06:42.337+0200][gc,marking   ] GC(2) Concurrent Clear Claimed Marks
[2024-09-02T19:06:42.338+0200][gc,marking   ] GC(2) Concurrent Clear Claimed Marks 0.297ms
[2024-09-02T19:06:42.338+0200][gc,marking   ] GC(2) Concurrent Scan Root Regions
[2024-09-02T19:06:42.339+0200][gc,marking   ] GC(2) Concurrent Scan Root Regions 1.658ms
[2024-09-02T19:06:42.339+0200][gc,marking   ] GC(2) Concurrent Mark (1.252s)
[2024-09-02T19:06:42.339+0200][gc,marking   ] GC(2) Concurrent Mark From Roots
[2024-09-02T19:06:42.339+0200][gc,task      ] GC(2) Using 2 workers of 2 for marking
[2024-09-02T19:06:42.345+0200][gc,marking   ] GC(2) Concurrent Mark From Roots 5.580ms
[2024-09-02T19:06:42.345+0200][gc,marking   ] GC(2) Concurrent Preclean
[2024-09-02T19:06:42.345+0200][gc,marking   ] GC(2) Concurrent Preclean 0.166ms
[2024-09-02T19:06:42.345+0200][gc,marking   ] GC(2) Concurrent Mark (1.252s, 1.258s) 5.807ms
[2024-09-02T19:06:42.346+0200][gc,start     ] GC(2) Pause Remark
[2024-09-02T19:06:42.349+0200][gc,stringtable] GC(2) Cleaned string and symbol table, strings: 6393 processed, 0 removed, symbols: 47933 processed, 46 removed
[2024-09-02T19:06:42.350+0200][gc            ] GC(2) Pause Remark 10M->10M(1024M) 4.080ms
[2024-09-02T19:06:42.350+0200][gc,cpu        ] GC(2) User=0.01s Sys=0.00s Real=0.00s
[2024-09-02T19:06:42.350+0200][gc,marking    ] GC(2) Concurrent Rebuild Remembered Sets
[2024-09-02T19:06:42.354+0200][gc,marking    ] GC(2) Concurrent Rebuild Remembered Sets 3.815ms
[2024-09-02T19:06:42.354+0200][gc,start      ] GC(2) Pause Cleanup
[2024-09-02T19:06:42.355+0200][gc            ] GC(2) Pause Cleanup 10M->10M(1024M) 0.472ms
[2024-09-02T19:06:42.355+0200][gc,cpu        ] GC(2) User=0.00s Sys=0.00s Real=0.00s
[2024-09-02T19:06:42.355+0200][gc,marking    ] GC(2) Concurrent Cleanup for Next Mark
[2024-09-02T19:06:42.359+0200][gc,marking    ] GC(2) Concurrent Cleanup for Next Mark 4.203ms
[2024-09-02T19:06:42.359+0200][gc            ] GC(2) Concurrent Cycle 22.021ms
[2024-09-02T19:06:42.886+0200][gc,start      ] GC(3) Pause Young (Normal) (G1 Evacuation Pause)
[2024-09-02T19:06:42.886+0200][gc,task       ] GC(3) Using 8 workers of 8 for evacuation
[2024-09-02T19:06:42.891+0200][gc,phases     ] GC(3)   Pre Evacuate Collection Set: 0.0ms
[2024-09-02T19:06:42.891+0200][gc,phases     ] GC(3)   Evacuate Collection Set: 3.8ms
[2024-09-02T19:06:42.891+0200][gc,phases     ] GC(3)   Post Evacuate Collection Set: 0.7ms
[2024-09-02T19:06:42.891+0200][gc,phases     ] GC(3)   Other: 0.2ms
[2024-09-02T19:06:42.891+0200][gc,heap       ] GC(3) Eden regions: 49->0(47)
[2024-09-02T19:06:42.891+0200][gc,heap       ] GC(3) Survivor regions: 2->4(7)
[2024-09-02T19:06:42.891+0200][gc,heap       ] GC(3) Old regions: 10->10
[2024-09-02T19:06:42.891+0200][gc,heap       ] GC(3) Humongous regions: 0->0
[2024-09-02T19:06:42.891+0200][gc,metaspace  ] GC(3) Metaspace: 28817K(30208K)->28817K(30208K) NonClass: 25504K(26368K)->25504K(26368K) Class: 3312K(3840K)->3312K(3840K)
[2024-09-02T19:06:42.891+0200][gc            ] GC(3) Pause Young (Normal) (G1 Evacuation Pause) 58M->11M(1024M) 4.859ms
[2024-09-02T19:06:42.891+0200][gc,cpu        ] GC(3) User=0.02s Sys=0.01s Real=0.00s
[2024-09-02T19:06:43.287+0200][gc,start      ] GC(4) Pause Young (Concurrent Start) (Metadata GC Threshold)
[2024-09-02T19:06:43.287+0200][gc,task       ] GC(4) Using 8 workers of 8 for evacuation
[2024-09-02T19:06:43.297+0200][gc,phases     ] GC(4)   Pre Evacuate Collection Set: 0.1ms
[2024-09-02T19:06:43.297+0200][gc,phases     ] GC(4)   Evacuate Collection Set: 9.1ms
[2024-09-02T19:06:43.297+0200][gc,phases     ] GC(4)   Post Evacuate Collection Set: 0.6ms
[2024-09-02T19:06:43.297+0200][gc,phases     ] GC(4)   Other: 0.2ms
[2024-09-02T19:06:43.297+0200][gc,heap       ] GC(4) Eden regions: 44->0(45)
[2024-09-02T19:06:43.297+0200][gc,heap       ] GC(4) Survivor regions: 4->6(7)
[2024-09-02T19:06:43.297+0200][gc,heap       ] GC(4) Old regions: 10->11
[2024-09-02T19:06:43.297+0200][gc,heap       ] GC(4) Humongous regions: 9->9
[2024-09-02T19:06:43.297+0200][gc,metaspace  ] GC(4) Metaspace: 34570K(35840K)->34570K(35840K) NonClass: 30573K(31232K)->30573K(31232K) Class: 3997K(4608K)->3997K(4608K)
[2024-09-02T19:06:43.297+0200][gc            ] GC(4) Pause Young (Concurrent Start) (Metadata GC Threshold) 64M->24M(1024M) 10.174ms
[2024-09-02T19:06:43.297+0200][gc,cpu        ] GC(4) User=0.06s Sys=0.01s Real=0.01s
[2024-09-02T19:06:43.297+0200][gc            ] GC(5) Concurrent Cycle
[2024-09-02T19:06:43.297+0200][gc,marking    ] GC(5) Concurrent Clear Claimed Marks
[2024-09-02T19:06:43.297+0200][gc,marking    ] GC(5) Concurrent Clear Claimed Marks 0.049ms
[2024-09-02T19:06:43.297+0200][gc,marking    ] GC(5) Concurrent Scan Root Regions
[2024-09-02T19:06:43.301+0200][gc,marking    ] GC(5) Concurrent Scan Root Regions 4.205ms
[2024-09-02T19:06:43.301+0200][gc,marking    ] GC(5) Concurrent Mark (2.214s)
[2024-09-02T19:06:43.301+0200][gc,marking    ] GC(5) Concurrent Mark From Roots
[2024-09-02T19:06:43.301+0200][gc,task       ] GC(5) Using 2 workers of 2 for marking
[2024-09-02T19:06:43.308+0200][gc,marking    ] GC(5) Concurrent Mark From Roots 6.770ms
[2024-09-02T19:06:43.308+0200][gc,marking    ] GC(5) Concurrent Preclean
[2024-09-02T19:06:43.308+0200][gc,marking    ] GC(5) Concurrent Preclean 0.137ms
[2024-09-02T19:06:43.308+0200][gc,marking    ] GC(5) Concurrent Mark (2.214s, 2.221s) 6.976ms
[2024-09-02T19:06:43.309+0200][gc,start      ] GC(5) Pause Remark
[2024-09-02T19:06:43.311+0200][gc,stringtable] GC(5) Cleaned string and symbol table, strings: 10049 processed, 9 removed, symbols: 85821 processed, 20 removed
[2024-09-02T19:06:43.311+0200][gc            ] GC(5) Pause Remark 25M->25M(1024M) 2.397ms
[2024-09-02T19:06:43.311+0200][gc,cpu        ] GC(5) User=0.01s Sys=0.00s Real=0.00s
[2024-09-02T19:06:43.311+0200][gc,marking    ] GC(5) Concurrent Rebuild Remembered Sets
[2024-09-02T19:06:43.314+0200][gc,marking    ] GC(5) Concurrent Rebuild Remembered Sets 3.292ms
[2024-09-02T19:06:43.315+0200][gc,start      ] GC(5) Pause Cleanup
[2024-09-02T19:06:43.315+0200][gc            ] GC(5) Pause Cleanup 25M->25M(1024M) 0.270ms
[2024-09-02T19:06:43.315+0200][gc,cpu        ] GC(5) User=0.00s Sys=0.00s Real=0.00s
[2024-09-02T19:06:43.315+0200][gc,marking    ] GC(5) Concurrent Cleanup for Next Mark
[2024-09-02T19:06:43.318+0200][gc,marking    ] GC(5) Concurrent Cleanup for Next Mark 3.091ms
[2024-09-02T19:06:43.318+0200][gc            ] GC(5) Concurrent Cycle 21.320ms
[2024-09-02T19:09:40.096+0200][gc,start      ] GC(6) Pause Young (Normal) (G1 Evacuation Pause)
[2024-09-02T19:09:40.096+0200][gc,task       ] GC(6) Using 8 workers of 8 for evacuation
[2024-09-02T19:09:40.103+0200][gc,phases     ] GC(6)   Pre Evacuate Collection Set: 0.3ms
[2024-09-02T19:09:40.103+0200][gc,phases     ] GC(6)   Evacuate Collection Set: 5.5ms
[2024-09-02T19:09:40.103+0200][gc,phases     ] GC(6)   Post Evacuate Collection Set: 1.1ms
[2024-09-02T19:09:40.103+0200][gc,phases     ] GC(6)   Other: 0.3ms
[2024-09-02T19:09:40.103+0200][gc,heap       ] GC(6) Eden regions: 45->0(45)
[2024-09-02T19:09:40.103+0200][gc,heap       ] GC(6) Survivor regions: 6->6(7)
[2024-09-02T19:09:40.103+0200][gc,heap       ] GC(6) Old regions: 11->13
[2024-09-02T19:09:40.103+0200][gc,heap       ] GC(6) Humongous regions: 138->138
[2024-09-02T19:09:40.103+0200][gc,metaspace  ] GC(6) Metaspace: 40950K(42880K)->40950K(42880K) NonClass: 36111K(37120K)->36111K(37120K) Class: 4838K(5760K)->4838K(5760K)
[2024-09-02T19:09:40.103+0200][gc            ] GC(6) Pause Young (Normal) (G1 Evacuation Pause) 198M->155M(1024M) 7.235ms
[2024-09-02T19:09:40.104+0200][gc,cpu        ] GC(6) User=0.04s Sys=0.00s Real=0.01s
[2024-09-02T19:12:13.461+0200][gc,start      ] GC(7) Pause Young (Normal) (G1 Evacuation Pause)
[2024-09-02T19:12:13.461+0200][gc,task       ] GC(7) Using 8 workers of 8 for evacuation
[2024-09-02T19:12:13.471+0200][gc,phases     ] GC(7)   Pre Evacuate Collection Set: 0.4ms
[2024-09-02T19:12:13.471+0200][gc,phases     ] GC(7)   Evacuate Collection Set: 7.6ms
[2024-09-02T19:12:13.471+0200][gc,phases     ] GC(7)   Post Evacuate Collection Set: 1.4ms
[2024-09-02T19:12:13.471+0200][gc,phases     ] GC(7)   Other: 0.2ms
[2024-09-02T19:12:13.471+0200][gc,heap       ] GC(7) Eden regions: 45->0(45)
[2024-09-02T19:12:13.471+0200][gc,heap       ] GC(7) Survivor regions: 6->6(7)
[2024-09-02T19:12:13.471+0200][gc,heap       ] GC(7) Old regions: 13->17
[2024-09-02T19:12:13.471+0200][gc,heap       ] GC(7) Humongous regions: 138->138
[2024-09-02T19:12:13.471+0200][gc,metaspace  ] GC(7) Metaspace: 44209K(46720K)->44209K(46720K) NonClass: 38898K(40192K)->38898K(40192K) Class: 5310K(6528K)->5310K(6528K)
[2024-09-02T19:12:13.471+0200][gc            ] GC(7) Pause Young (Normal) (G1 Evacuation Pause) 200M->157M(1024M) 9.671ms
[2024-09-02T19:12:13.471+0200][gc,cpu        ] GC(7) User=0.05s Sys=0.01s Real=0.01s
[2024-09-02T19:18:01.335+0200][gc,start      ] GC(8) Pause Young (Normal) (G1 Evacuation Pause)
[2024-09-02T19:18:01.335+0200][gc,task       ] GC(8) Using 8 workers of 8 for evacuation
[2024-09-02T19:18:01.347+0200][gc,phases     ] GC(8)   Pre Evacuate Collection Set: 0.7ms
[2024-09-02T19:18:01.347+0200][gc,phases     ] GC(8)   Evacuate Collection Set: 9.9ms
[2024-09-02T19:18:01.347+0200][gc,phases     ] GC(8)   Post Evacuate Collection Set: 1.3ms
[2024-09-02T19:18:01.347+0200][gc,phases     ] GC(8)   Other: 0.4ms
[2024-09-02T19:18:01.347+0200][gc,heap       ] GC(8) Eden regions: 45->0(46)
[2024-09-02T19:18:01.347+0200][gc,heap       ] GC(8) Survivor regions: 6->5(7)
[2024-09-02T19:18:01.347+0200][gc,heap       ] GC(8) Old regions: 17->19
[2024-09-02T19:18:01.347+0200][gc,heap       ] GC(8) Humongous regions: 138->138
[2024-09-02T19:18:01.347+0200][gc,metaspace  ] GC(8) Metaspace: 44752K(47232K)->44752K(47232K) NonClass: 39412K(40704K)->39412K(40704K) Class: 5340K(6528K)->5340K(6528K)
[2024-09-02T19:18:01.347+0200][gc            ] GC(8) Pause Young (Normal) (G1 Evacuation Pause) 202M->160M(1024M) 12.283ms
[2024-09-02T19:18:01.347+0200][gc,cpu        ] GC(8) User=0.07s Sys=0.01s Real=0.01s
[2024-09-02T19:24:13.461+0200][gc,start      ] GC(9) Pause Young (Normal) (G1 Evacuation Pause)
[2024-09-02T19:24:13.461+0200][gc,task       ] GC(9) Using 8 workers of 8 for evacuation
[2024-09-02T19:24:13.466+0200][gc,phases     ] GC(9)   Pre Evacuate Collection Set: 0.3ms
[2024-09-02T19:24:13.467+0200][gc,phases     ] GC(9)   Evacuate Collection Set: 3.7ms
[2024-09-02T19:24:13.467+0200][gc,phases     ] GC(9)   Post Evacuate Collection Set: 0.9ms
[2024-09-02T19:24:13.467+0200][gc,phases     ] GC(9)   Other: 0.4ms
[2024-09-02T19:24:13.467+0200][gc,heap       ] GC(9) Eden regions: 46->0(50)
[2024-09-02T19:24:13.467+0200][gc,heap       ] GC(9) Survivor regions: 5->3(7)
[2024-09-02T19:24:13.467+0200][gc,heap       ] GC(9) Old regions: 19->21
[2024-09-02T19:24:13.467+0200][gc,heap       ] GC(9) Humongous regions: 138->138
[2024-09-02T19:24:13.467+0200][gc,metaspace  ] GC(9) Metaspace: 45013K(47488K)->45013K(47488K) NonClass: 39662K(40960K)->39662K(40960K) Class: 5350K(6528K)->5350K(6528K)
[2024-09-02T19:24:13.467+0200][gc            ] GC(9) Pause Young (Normal) (G1 Evacuation Pause) 206M->160M(1024M) 5.275ms
[2024-09-02T19:24:13.467+0200][gc,cpu        ] GC(9) User=0.03s Sys=0.00s Real=0.01s
[2024-09-02T19:31:12.571+0200][gc,start      ] GC(10) Pause Young (Normal) (G1 Evacuation Pause)
[2024-09-02T19:31:12.571+0200][gc,task       ] GC(10) Using 8 workers of 8 for evacuation
[2024-09-02T19:31:12.577+0200][gc,phases     ] GC(10)   Pre Evacuate Collection Set: 0.3ms
[2024-09-02T19:31:12.577+0200][gc,phases     ] GC(10)   Evacuate Collection Set: 4.4ms
[2024-09-02T19:31:12.577+0200][gc,phases     ] GC(10)   Post Evacuate Collection Set: 1.6ms
[2024-09-02T19:31:12.577+0200][gc,phases     ] GC(10)   Other: 0.3ms
[2024-09-02T19:31:12.577+0200][gc,heap       ] GC(10) Eden regions: 50->0(54)
[2024-09-02T19:31:12.577+0200][gc,heap       ] GC(10) Survivor regions: 3->5(7)
[2024-09-02T19:31:12.577+0200][gc,heap       ] GC(10) Old regions: 21->21
[2024-09-02T19:31:12.577+0200][gc,heap       ] GC(10) Humongous regions: 138->138
[2024-09-02T19:31:12.577+0200][gc,metaspace  ] GC(10) Metaspace: 45144K(47744K)->45144K(47744K) NonClass: 39793K(41216K)->39793K(41216K) Class: 5350K(6528K)->5350K(6528K)
[2024-09-02T19:31:12.577+0200][gc            ] GC(10) Pause Young (Normal) (G1 Evacuation Pause) 210M->161M(1024M) 6.751ms
[2024-09-02T19:31:12.577+0200][gc,cpu        ] GC(10) User=0.03s Sys=0.00s Real=0.01s
[2024-09-02T19:38:58.518+0200][gc,start      ] GC(11) Pause Young (Normal) (G1 Evacuation Pause)
[2024-09-02T19:38:58.518+0200][gc,task       ] GC(11) Using 8 workers of 8 for evacuation
[2024-09-02T19:38:58.533+0200][gc,phases     ] GC(11)   Pre Evacuate Collection Set: 0.4ms
[2024-09-02T19:38:58.533+0200][gc,phases     ] GC(11)   Evacuate Collection Set: 12.4ms
[2024-09-02T19:38:58.533+0200][gc,phases     ] GC(11)   Post Evacuate Collection Set: 1.0ms
[2024-09-02T19:38:58.533+0200][gc,phases     ] GC(11)   Other: 0.7ms
[2024-09-02T19:38:58.533+0200][gc,heap       ] GC(11) Eden regions: 54->0(59)
[2024-09-02T19:38:58.533+0200][gc,heap       ] GC(11) Survivor regions: 5->6(8)
[2024-09-02T19:38:58.533+0200][gc,heap       ] GC(11) Old regions: 21->22
[2024-09-02T19:38:58.533+0200][gc,heap       ] GC(11) Humongous regions: 138->138
[2024-09-02T19:38:58.533+0200][gc,metaspace  ] GC(11) Metaspace: 45182K(47744K)->45182K(47744K) NonClass: 39830K(41216K)->39830K(41216K) Class: 5351K(6528K)->5351K(6528K)
[2024-09-02T19:38:58.533+0200][gc            ] GC(11) Pause Young (Normal) (G1 Evacuation Pause) 215M->164M(1024M) 14.484ms
[2024-09-02T19:38:58.533+0200][gc,cpu        ] GC(11) User=0.05s Sys=0.05s Real=0.02s
[2024-09-02T19:47:28.738+0200][gc,start      ] GC(12) Pause Young (Normal) (G1 Evacuation Pause)
[2024-09-02T19:47:28.738+0200][gc,task       ] GC(12) Using 8 workers of 8 for evacuation
[2024-09-02T19:47:28.756+0200][gc,phases     ] GC(12)   Pre Evacuate Collection Set: 0.7ms
[2024-09-02T19:47:28.756+0200][gc,phases     ] GC(12)   Evacuate Collection Set: 15.6ms
[2024-09-02T19:47:28.756+0200][gc,phases     ] GC(12)   Post Evacuate Collection Set: 1.5ms
[2024-09-02T19:47:28.756+0200][gc,phases     ] GC(12)   Other: 0.5ms
[2024-09-02T19:47:28.756+0200][gc,heap       ] GC(12) Eden regions: 59->0(60)
[2024-09-02T19:47:28.756+0200][gc,heap       ] GC(12) Survivor regions: 6->7(9)
[2024-09-02T19:47:28.756+0200][gc,heap       ] GC(12) Old regions: 22->23
[2024-09-02T19:47:28.756+0200][gc,heap       ] GC(12) Humongous regions: 138->138
[2024-09-02T19:47:28.756+0200][gc,metaspace  ] GC(12) Metaspace: 45253K(47744K)->45253K(47744K) NonClass: 39902K(41216K)->39902K(41216K) Class: 5351K(6528K)->5351K(6528K)
[2024-09-02T19:47:28.756+0200][gc            ] GC(12) Pause Young (Normal) (G1 Evacuation Pause) 223M->166M(1024M) 18.375ms
[2024-09-02T19:47:28.757+0200][gc,cpu        ] GC(12) User=0.13s Sys=0.00s Real=0.02s
